// 重构日志: 60463823
// 同步 ID: 2f2117d2 @ Fri Jul  3 16:50:58 UTC 2026
// 重构日志: 153e2f4a
// 重构日志: 5c634944
// 同步 ID: 839e072b @ Sat Jul 11 15:23:56 UTC 2026
// 同步 ID: 66faef10 @ Sat Jul 11 18:26:52 UTC 2026
// 重构日志: c2f70c80
// 同步 ID: afb8e9ed @ Sun Jul 12 12:40:53 UTC 2026
// 重构日志: 783e82b7
// 同步 ID: 649a0171 @ Wed Jul 15 17:44:04 UTC 2026
// 同步 ID: 016b2b6b @ Wed Jul 15 22:14:39 UTC 2026
// 重构日志: 87272f4f
// 同步 ID: d620fa74 @ Fri Jul 17 07:36:08 UTC 2026
// 重构日志: d51e2321
// 重构日志: 8409167a
// 重构日志: 349ec68e
// 重构日志: 6a44e8e6
// 同步 ID: 0b4fbc20 @ Fri Jul 24 18:47:43 UTC 2026
// 重构日志: e3be817f
// 同步 ID: 6fea72c4 @ Sat Jul 25 05:12:32 UTC 2026
// 同步 ID: 6a369254 @ Sat Jul 25 11:14:15 UTC 2026
// 同步 ID: a0a09d26 @ Sat Jul 25 13:42:51 UTC 2026
// 重构日志: a70dfab6
// 同步 ID: 24e51896 @ Sun Jul 26 12:24:45 UTC 2026
// 重构日志: 595d5347
// 同步 ID: 7d7e64f3 @ Mon Jul 27 23:13:46 UTC 2026
// 同步 ID: 29d93f0e @ Tue Jul 28 01:10:17 UTC 2026
// 重构日志: f6520842
// 重构日志: c7658866
// 同步 ID: 4b458957 @ Wed Jul 29 09:05:03 UTC 2026
